Door opened
Door closed
Attempting to start engine
Door opened
Attempting to start engine
Door closed
