Test 1
Step 1
Done in 1 step.
Step 1
Step 2
Step 3
Step 4
Step 5
Done in 5 steps.
Step 1
Step 2
Step 3
Step 4
Step 5
Step 6
Test 2
Step 1
Done in 1 step.
Step 1
Step 2
Step 3
Step 4
Step 5
Done in 5 steps.
Step 1
Step 2
Step 3
Step 4
Step 5
Step 6
Done in 6 steps.
Step 1
Step 2
Step 3
Step 4
Step 5
Done in 5 steps.
