synchronized collection accessed in non threadsafe manner!
synchronized collection accessed in non threadsafe manner!
Bar
Bar
