next called without hasNext!
next called without hasNext!
next called without hasNext!
next called without hasNext!
sum: 15
