! hasNext() has not been called before calling next() for an iterator
! hasNext() has not been called before calling next() for an iterator
! hasNext() has not been called before calling next() for an iterator
sum: 15
Program has ended.
