Round 0
73
Round 1
41
Round 2
Round 3
Round 4
Round 5
Round 6
Round 7
Round 8
Round 9
