Test 1
Door opened
Door closed
Attempting to start engine
Test 2
Door opened
Attempting to start engine
Door closed
Test 1 ASPC
Door opened
Door closed
Attempting to start engine
Test 2 ASPC
Door opened
Attempting to start engine
Door closed
