synchronized collection accessed in non threadsafe manner!
Bar
Foo
