unsafe iterator usage!
java found the problem too
