write after close
write after close
write after close
