1:3
2:2
3:2
4:2
5:3
write after close
write after close
write after close
