@:HasNext2_1.HasNext2_1.main(HasNext2_1.java:19) ! hasNext not called before next
sum: 3
