Test 1
CanIf component correctly initialized and used.
CanIf component correctly initialized and used.
Test 2
CanIf component correctly initialized and used.
CanIf component correctly initialized and used.
CanIf component correctly initialized and used.
CanIf component correctly initialized and used.
CanIf component correctly initialized and used.
Test 3
