Program has ended.
Program has ended.
Program has ended.
Program has ended.
Program has ended.
