Test 1
Methods in car with driver Kevin used appropriately
Warning: exceeding top speed of car
Warning: Methods in car with driver Kevin used inappropriately!
Warning: Car turning off with windshield wipers on
Warning: Car turning off with headlights on
Methods in car with driver Britney used appropriately
