__RVC_Foo_Monitor.c and __RVC_Foo_Monitor.h have been generated
__RVC_Foo_Monitor.c and __RVC_Foo_Monitor.h have been generated
__RVC_Foo_Monitor.c and __RVC_Foo_Monitor.h have been generated
