improper enumeration usage at SafeEnum_1.main(SafeEnum_1.java:24)
sum: 26
