improper enumeration usage at SafeEnum_1.SafeEnum_1.main(SafeEnum_1.java:31).
 Collection was modified at SafeEnum_1.SafeEnum_1.main(SafeEnum_1.java:27).
sum: 26
