Test 1
stop
on
manual
off
start
auto
Automatically turning on lights
Test 2
start
on
manual
off
stop
auto
Test 1 ASPC
stop
on
manual
off
start
auto
Automatically turning on lights
Test 2 ASPC
start
on
manual
off
stop
auto
