! hasNext() has not been called before calling next() for an iterator
sum = 3
Program has ended.
