stop
on
manual
off
start
auto
Automatically turning on lights
start
on
manual
off
stop
auto
