improper enumeration usage at SafeEnum_1.SafeEnum_1.main(SafeEnum_1.java:32)
improper enumeration usage at SafeEnum_1.SafeEnum_1.main(SafeEnum_1.java:32)
improper enumeration usage at SafeEnum_1.SafeEnum_1.main(SafeEnum_1.java:32)
improper enumeration usage at SafeEnum_1.SafeEnum_1.main(SafeEnum_1.java:32)
sum: 26
