begin
open
close
end
begin
open
end
improper use of files
improper use of files
begin
close
improper use of files
end
improper use of files
improper use of files
